// Jest Snapshot v1, https://goo.gl/fbAQLP

exports[`BrandHighlight Rendering matches snapshot 1`] = `
<div>
  <div
    class="flex flex-col items-center w-60"
  >
    <div
      class="w-12 h-12 text-blue-500"
      data-testid="brand-highlight-icon"
    />
    <h3
      class="text-lg sm:text-lg lg:text-xl font-bold mt-2"
    >
      Free Shipping
    </h3>
    <p
      class="leading-relaxed mt-2"
    >
      On orders over $50
    </p>
  </div>
</div>
`;
